I'm sorry, but errors were detected in your script. Please correct the
errors listed below, and try again.


File "game/cholecystitis.rpy", line 473: Line is indented, but the preceding jump statement statement does not expect a block. Please check this line's indentation. You may have forgotten a colon (:).
    xalign 0.5
    ^

Ren'Py Version: Ren'Py 8.4.1.25072401
Sun Aug  3 22:41:48 2025
